mysqld: Deprecated program name. It will be removed in a future release, use '/nix/store/w61wwqb342p53bb62hyllmf4vdh6829x-mariadb-server-11.4.12/bin/mariadbd' instead
2026-09-10 11:27:27 0 [Note] Starting MariaDB 11.4.12-MariaDB source revision b4a80422bfeec93079a430c080fffbda8f6fa574 server_uid g34YLkzrHuAFTDYPWyqQ0SYPU+I= as process 112922
2026-09-10 11:27:27 0 [Note] InnoDB: Compressed tables use zlib 1.3.2
2026-09-10 11:27:27 0 [Note] InnoDB: Number of transaction pools: 1
2026-09-10 11:27:27 0 [Note] InnoDB: Using crc32 + pclmulqdq instructions
2026-09-10 11:27:27 0 [Note] InnoDB: Using io_uring
2026-09-10 11:27:27 0 [Note] InnoDB: innodb_buffer_pool_size_max=8388608m, innodb_buffer_pool_size=128m
2026-09-10 11:27:27 0 [Note] InnoDB: Initialized memory pressure event listener
2026-09-10 11:27:27 0 [Note] InnoDB: Completed initialization of buffer pool
2026-09-10 11:27:27 0 [Note] InnoDB: File system buffers for log disabled (block size=512 bytes)
2026-09-10 11:27:27 0 [Note] InnoDB: End of log at LSN=45568
2026-09-10 11:27:27 0 [Note] InnoDB: Opened 3 undo tablespaces
2026-09-10 11:27:27 0 [Note] InnoDB: 128 rollback segments in 3 undo tablespaces are active.
2026-09-10 11:27:27 0 [Note] InnoDB: Setting file './ibtmp1' size to 12.000MiB. Physically writing the file full; Please wait ...
2026-09-10 11:27:27 0 [Note] InnoDB: File './ibtmp1' size is now 12.000MiB.
2026-09-10 11:27:27 0 [Note] InnoDB: log sequence number 45568; transaction id 14
2026-09-10 11:27:27 0 [Note] Plugin 'FEEDBACK' is disabled.
2026-09-10 11:27:27 0 [Note] InnoDB: Loading buffer pool(s) from /home/n0o0b090lv/DEV/LANG/LARAVEL/NOOB_FYI/mysql/data/ib_buffer_pool
2026-09-10 11:27:27 0 [Note] Plugin 'wsrep-provider' is disabled.
2026-09-10 11:27:27 0 [Note] InnoDB: Buffer pool(s) load completed at 260910 11:27:27
2026-09-10 11:27:27 0 [Note] mysqld: Event Scheduler: Loaded 0 events
2026-09-10 11:27:27 0 [Note] mysqld: ready for connections.
Version: '11.4.12-MariaDB'  socket: '/home/n0o0b090lv/DEV/LANG/LARAVEL/NOOB_FYI/mysql/mysql.sock'  port: 0  MariaDB Server
